<html>
<body>
<pre>
<h1>µVision Build Log</h1>
<h2>Project:</h2>
U:\Assignment.1.3.BonusEffect\Assignment.1.3.BonusEffect\BonusEffect.uvproj
Project File Date:  02/12/2014

<h2>Output:</h2>
Build target 'External SDRAM'
compiling font5x7.c...
compiling lcd_grph.c...
compiling lcd_hw.c...
compiling Retarget.c...
compiling Serial.c...
assembling LPC2400.s...
compiling main.c...
assembling BonusEffect.s...
linking...
Program Size: Code=7364 RO-data=808 RW-data=18144 ZI-data=311560  
"BonusEffect.axf" - 0 Error(s), 0 Warning(s).
Build target 'External SDRAM'
compiling font5x7.c...
compiling lcd_grph.c...
compiling lcd_hw.c...
compiling Retarget.c...
compiling Serial.c...
assembling LPC2400.s...
compiling main.c...
assembling BonusEffect.s...
linking...
Program Size: Code=7364 RO-data=808 RW-data=18144 ZI-data=311560  
"BonusEffect.axf" - 0 Error(s), 0 Warning(s).
