ARM Linker, 4.1 [Build 481] [Evaluation]

==============================================================================

Section Cross References

    lcd_grph.o(.text) refers to lcd_hw.o(.text) for writeToReg
    lcd_grph.o(.text) refers to uidiv.o(.text) for __aeabi_uidivmod
    lcd_grph.o(.text) refers to lcd_hw.o(.data) for activeController
    lcd_grph.o(.text) refers to font5x7.o(.constdata) for font5x7
    lcd_grph.o(.text) refers to lcd_grph.o(.constdata) for font_mask
    lcd_grph.o(.text) refers to lcd_grph.o(.data) for backgroundColor
    lcd_grph.o(.text) refers to lcd_grph.o(.bss) for picBuffer
    lcd_hw.o(.text) refers to lcd_hw.o(.data) for activeController
    retarget.o(.text) refers to serial.o(.text) for sendchar
    lpc2400.o(RESET) refers to lpc2400.o(STACK) for Stack_Top
    lpc2400.o(RESET) refers to entry.o(.ARM.Collect$$$$00000000) for __main
    main.o(.text) refers to serial.o(.text) for init_serial
    main.o(.text) refers to lcd_hw.o(.text) for lcd_hw_init
    main.o(.text) refers to lcd_grph.o(.text) for lcd_fillScreen
    main.o(.text) refers to printfb.o(i.__0printf$bare) for __2printf
    main.o(.text) refers to bonuseffect.o(BonusEffect) for start
    main.o(.text) refers to main.o(.data) for crest
    bonuseffect.o(BonusEffect) refers to lcd_grph.o(.text) for getPicAddr
    entry.o(.ARM.Collect$$$$00000000) refers (Special) to entry7.o(.ARM.Collect$$$$00000007) for _main_init
    entry.o(.ARM.Collect$$$$00000000) refers (Special) to entry5.o(.ARM.Collect$$$$00000004) for _main_scatterload
    entry.o(.ARM.Collect$$$$00000000) refers (Special) to entry2.o(.ARM.Collect$$$$00000001) for _main_stk
    printfb.o(i.__0fprintf$bare) refers to printfb.o(i._printf_core) for _printf_core
    printfb.o(i.__0fprintf$bare) refers to retarget.o(.text) for fputc
    printfb.o(i.__0printf$bare) refers to printfb.o(i._printf_core) for _printf_core
    printfb.o(i.__0printf$bare) refers to retarget.o(.text) for fputc
    printfb.o(i.__0printf$bare) refers to retarget.o(.data) for __stdout
    printfb.o(i.__0snprintf$bare) refers to printfb.o(i._printf_core) for _printf_core
    printfb.o(i.__0snprintf$bare) refers to printfb.o(i._snputc) for _snputc
    printfb.o(i.__0sprintf$bare) refers to printfb.o(i._printf_core) for _printf_core
    printfb.o(i.__0sprintf$bare) refers to printfb.o(i._sputc) for _sputc
    printfb.o(i.__0vfprintf$bare) refers to printfb.o(i._printf_core) for _printf_core
    printfb.o(i.__0vfprintf$bare) refers to retarget.o(.text) for fputc
    printfb.o(i.__0vprintf$bare) refers to printfb.o(i._printf_core) for _printf_core
    printfb.o(i.__0vprintf$bare) refers to retarget.o(.text) for fputc
    printfb.o(i.__0vprintf$bare) refers to retarget.o(.data) for __stdout
    printfb.o(i.__0vsnprintf$bare) refers to printfb.o(i._printf_core) for _printf_core
    printfb.o(i.__0vsnprintf$bare) refers to printfb.o(i._snputc) for _snputc
    printfb.o(i.__0vsprintf$bare) refers to printfb.o(i._printf_core) for _printf_core
    printfb.o(i.__0vsprintf$bare) refers to printfb.o(i._sputc) for _sputc
    printfb.o(i._printf_core) refers to printfb.o(i.__ARM_common_call_via_r6) for __ARM_common_call_via_r6
    printf0.o(i.__0fprintf$0) refers to printf0.o(i._printf_core) for _printf_core
    printf0.o(i.__0fprintf$0) refers to retarget.o(.text) for fputc
    printf0.o(i.__0printf$0) refers to printf0.o(i._printf_core) for _printf_core
    printf0.o(i.__0printf$0) refers to retarget.o(.text) for fputc
    printf0.o(i.__0printf$0) refers to retarget.o(.data) for __stdout
    printf0.o(i.__0snprintf$0) refers to printf0.o(i._printf_core) for _printf_core
    printf0.o(i.__0snprintf$0) refers to printf0.o(i._snputc) for _snputc
    printf0.o(i.__0sprintf$0) refers to printf0.o(i._printf_core) for _printf_core
    printf0.o(i.__0sprintf$0) refers to printf0.o(i._sputc) for _sputc
    printf0.o(i.__0vfprintf$0) refers to printf0.o(i._printf_core) for _printf_core
    printf0.o(i.__0vfprintf$0) refers to retarget.o(.text) for fputc
    printf0.o(i.__0vprintf$0) refers to printf0.o(i._printf_core) for _printf_core
    printf0.o(i.__0vprintf$0) refers to retarget.o(.text) for fputc
    printf0.o(i.__0vprintf$0) refers to retarget.o(.data) for __stdout
    printf0.o(i.__0vsnprintf$0) refers to printf0.o(i._printf_core) for _printf_core
    printf0.o(i.__0vsnprintf$0) refers to printf0.o(i._snputc) for _snputc
    printf0.o(i.__0vsprintf$0) refers to printf0.o(i._printf_core) for _printf_core
    printf0.o(i.__0vsprintf$0) refers to printf0.o(i._sputc) for _sputc
    printf0.o(i._printf_core) refers to printfb.o(i.__ARM_common_call_via_r6) for __ARM_common_call_via_r6
    printf1.o(i.__0fprintf$1) refers to printf1.o(i._printf_core) for _printf_core
    printf1.o(i.__0fprintf$1) refers to retarget.o(.text) for fputc
    printf1.o(i.__0printf$1) refers to printf1.o(i._printf_core) for _printf_core
    printf1.o(i.__0printf$1) refers to retarget.o(.text) for fputc
    printf1.o(i.__0printf$1) refers to retarget.o(.data) for __stdout
    printf1.o(i.__0snprintf$1) refers to printf1.o(i._printf_core) for _printf_core
    printf1.o(i.__0snprintf$1) refers to printf1.o(i._snputc) for _snputc
    printf1.o(i.__0sprintf$1) refers to printf1.o(i._printf_core) for _printf_core
    printf1.o(i.__0sprintf$1) refers to printf1.o(i._sputc) for _sputc
    printf1.o(i.__0vfprintf$1) refers to printf1.o(i._printf_core) for _printf_core
    printf1.o(i.__0vfprintf$1) refers to retarget.o(.text) for fputc
    printf1.o(i.__0vprintf$1) refers to printf1.o(i._printf_core) for _printf_core
    printf1.o(i.__0vprintf$1) refers to retarget.o(.text) for fputc
    printf1.o(i.__0vprintf$1) refers to retarget.o(.data) for __stdout
    printf1.o(i.__0vsnprintf$1) refers to printf1.o(i._printf_core) for _printf_core
    printf1.o(i.__0vsnprintf$1) refers to printf1.o(i._snputc) for _snputc
    printf1.o(i.__0vsprintf$1) refers to printf1.o(i._printf_core) for _printf_core
    printf1.o(i.__0vsprintf$1) refers to printf1.o(i._sputc) for _sputc
    printf1.o(i._printf_core) refers to printf1.o(i.__ARM_common_call_via_r2) for __ARM_common_call_via_r2
    printf1.o(i._printf_core) refers to uidiv.o(.text) for __aeabi_uidivmod
    printf2.o(i.__0fprintf$2) refers to printf2.o(i._printf_core) for _printf_core
    printf2.o(i.__0fprintf$2) refers to retarget.o(.text) for fputc
    printf2.o(i.__0printf$2) refers to printf2.o(i._printf_core) for _printf_core
    printf2.o(i.__0printf$2) refers to retarget.o(.text) for fputc
    printf2.o(i.__0printf$2) refers to retarget.o(.data) for __stdout
    printf2.o(i.__0snprintf$2) refers to printf2.o(i._printf_core) for _printf_core
    printf2.o(i.__0snprintf$2) refers to printf2.o(i._snputc) for _snputc
    printf2.o(i.__0sprintf$2) refers to printf2.o(i._printf_core) for _printf_core
    printf2.o(i.__0sprintf$2) refers to printf2.o(i._sputc) for _sputc
    printf2.o(i.__0vfprintf$2) refers to printf2.o(i._printf_core) for _printf_core
    printf2.o(i.__0vfprintf$2) refers to retarget.o(.text) for fputc
    printf2.o(i.__0vprintf$2) refers to printf2.o(i._printf_core) for _printf_core
    printf2.o(i.__0vprintf$2) refers to retarget.o(.text) for fputc
    printf2.o(i.__0vprintf$2) refers to retarget.o(.data) for __stdout
    printf2.o(i.__0vsnprintf$2) refers to printf2.o(i._printf_core) for _printf_core
    printf2.o(i.__0vsnprintf$2) refers to printf2.o(i._snputc) for _snputc
    printf2.o(i.__0vsprintf$2) refers to printf2.o(i._printf_core) for _printf_core
    printf2.o(i.__0vsprintf$2) refers to printf2.o(i._sputc) for _sputc
    printf2.o(i._printf_core) refers to printf1.o(i.__ARM_common_call_via_r2) for __ARM_common_call_via_r2
    printf3.o(i.__0fprintf$3) refers to printf3.o(i._printf_core) for _printf_core
    printf3.o(i.__0fprintf$3) refers to retarget.o(.text) for fputc
    printf3.o(i.__0printf$3) refers to printf3.o(i._printf_core) for _printf_core
    printf3.o(i.__0printf$3) refers to retarget.o(.text) for fputc
    printf3.o(i.__0printf$3) refers to retarget.o(.data) for __stdout
    printf3.o(i.__0snprintf$3) refers to printf3.o(i._printf_core) for _printf_core
    printf3.o(i.__0snprintf$3) refers to printf3.o(i._snputc) for _snputc
    printf3.o(i.__0sprintf$3) refers to printf3.o(i._printf_core) for _printf_core
    printf3.o(i.__0sprintf$3) refers to printf3.o(i._sputc) for _sputc
    printf3.o(i.__0vfprintf$3) refers to printf3.o(i._printf_core) for _printf_core
    printf3.o(i.__0vfprintf$3) refers to retarget.o(.text) for fputc
    printf3.o(i.__0vprintf$3) refers to printf3.o(i._printf_core) for _printf_core
    printf3.o(i.__0vprintf$3) refers to retarget.o(.text) for fputc
    printf3.o(i.__0vprintf$3) refers to retarget.o(.data) for __stdout
    printf3.o(i.__0vsnprintf$3) refers to printf3.o(i._printf_core) for _printf_core
    printf3.o(i.__0vsnprintf$3) refers to printf3.o(i._snputc) for _snputc
    printf3.o(i.__0vsprintf$3) refers to printf3.o(i._printf_core) for _printf_core
    printf3.o(i.__0vsprintf$3) refers to printf3.o(i._sputc) for _sputc
    printf3.o(i._printf_core) refers to printf1.o(i.__ARM_common_call_via_r2) for __ARM_common_call_via_r2
    printf3.o(i._printf_core) refers to uidiv.o(.text) for __aeabi_uidivmod
    printf4.o(i.__0fprintf$4) refers to printf4.o(i._printf_core) for _printf_core
    printf4.o(i.__0fprintf$4) refers to retarget.o(.text) for fputc
    printf4.o(i.__0printf$4) refers to printf4.o(i._printf_core) for _printf_core
    printf4.o(i.__0printf$4) refers to retarget.o(.text) for fputc
    printf4.o(i.__0printf$4) refers to retarget.o(.data) for __stdout
    printf4.o(i.__0snprintf$4) refers to printf4.o(i._printf_core) for _printf_core
    printf4.o(i.__0snprintf$4) refers to printf4.o(i._snputc) for _snputc
    printf4.o(i.__0sprintf$4) refers to printf4.o(i._printf_core) for _printf_core
    printf4.o(i.__0sprintf$4) refers to printf4.o(i._sputc) for _sputc
    printf4.o(i.__0vfprintf$4) refers to printf4.o(i._printf_core) for _printf_core
    printf4.o(i.__0vfprintf$4) refers to retarget.o(.text) for fputc
    printf4.o(i.__0vprintf$4) refers to printf4.o(i._printf_core) for _printf_core
    printf4.o(i.__0vprintf$4) refers to retarget.o(.text) for fputc
    printf4.o(i.__0vprintf$4) refers to retarget.o(.data) for __stdout
    printf4.o(i.__0vsnprintf$4) refers to printf4.o(i._printf_core) for _printf_core
    printf4.o(i.__0vsnprintf$4) refers to printf4.o(i._snputc) for _snputc
    printf4.o(i.__0vsprintf$4) refers to printf4.o(i._printf_core) for _printf_core
    printf4.o(i.__0vsprintf$4) refers to printf4.o(i._sputc) for _sputc
    printf4.o(i._printf_core) refers to printf1.o(i.__ARM_common_call_via_r2) for __ARM_common_call_via_r2
    printf4.o(i._printf_core) refers to uldiv.o(.text) for __aeabi_uldivmod
    printf5.o(i.__0fprintf$5) refers to printf5.o(i._printf_core) for _printf_core
    printf5.o(i.__0fprintf$5) refers to retarget.o(.text) for fputc
    printf5.o(i.__0printf$5) refers to printf5.o(i._printf_core) for _printf_core
    printf5.o(i.__0printf$5) refers to retarget.o(.text) for fputc
    printf5.o(i.__0printf$5) refers to retarget.o(.data) for __stdout
    printf5.o(i.__0snprintf$5) refers to printf5.o(i._printf_core) for _printf_core
    printf5.o(i.__0snprintf$5) refers to printf5.o(i._snputc) for _snputc
    printf5.o(i.__0sprintf$5) refers to printf5.o(i._printf_core) for _printf_core
    printf5.o(i.__0sprintf$5) refers to printf5.o(i._sputc) for _sputc
    printf5.o(i.__0vfprintf$5) refers to printf5.o(i._printf_core) for _printf_core
    printf5.o(i.__0vfprintf$5) refers to retarget.o(.text) for fputc
    printf5.o(i.__0vprintf$5) refers to printf5.o(i._printf_core) for _printf_core
    printf5.o(i.__0vprintf$5) refers to retarget.o(.text) for fputc
    printf5.o(i.__0vprintf$5) refers to retarget.o(.data) for __stdout
    printf5.o(i.__0vsnprintf$5) refers to printf5.o(i._printf_core) for _printf_core
    printf5.o(i.__0vsnprintf$5) refers to printf5.o(i._snputc) for _snputc
    printf5.o(i.__0vsprintf$5) refers to printf5.o(i._printf_core) for _printf_core
    printf5.o(i.__0vsprintf$5) refers to printf5.o(i._sputc) for _sputc
    printf5.o(i._printf_core) refers to printf1.o(i.__ARM_common_call_via_r2) for __ARM_common_call_via_r2
    printf5.o(i._printf_core) refers to uldiv.o(.text) for __aeabi_uldivmod
    printf6.o(i.__0fprintf$6) refers to printf6.o(i._printf_core) for _printf_core
    printf6.o(i.__0fprintf$6) refers to retarget.o(.text) for fputc
    printf6.o(i.__0printf$6) refers to printf6.o(i._printf_core) for _printf_core
    printf6.o(i.__0printf$6) refers to retarget.o(.text) for fputc
    printf6.o(i.__0printf$6) refers to retarget.o(.data) for __stdout
    printf6.o(i.__0snprintf$6) refers to printf6.o(i._printf_core) for _printf_core
    printf6.o(i.__0snprintf$6) refers to printf6.o(i._snputc) for _snputc
    printf6.o(i.__0sprintf$6) refers to printf6.o(i._printf_core) for _printf_core
    printf6.o(i.__0sprintf$6) refers to printf6.o(i._sputc) for _sputc
    printf6.o(i.__0vfprintf$6) refers to printf6.o(i._printf_core) for _printf_core
    printf6.o(i.__0vfprintf$6) refers to retarget.o(.text) for fputc
    printf6.o(i.__0vprintf$6) refers to printf6.o(i._printf_core) for _printf_core
    printf6.o(i.__0vprintf$6) refers to retarget.o(.text) for fputc
    printf6.o(i.__0vprintf$6) refers to retarget.o(.data) for __stdout
    printf6.o(i.__0vsnprintf$6) refers to printf6.o(i._printf_core) for _printf_core
    printf6.o(i.__0vsnprintf$6) refers to printf6.o(i._snputc) for _snputc
    printf6.o(i.__0vsprintf$6) refers to printf6.o(i._printf_core) for _printf_core
    printf6.o(i.__0vsprintf$6) refers to printf6.o(i._sputc) for _sputc
    printf6.o(i._printf_core) refers to printf1.o(i.__ARM_common_call_via_r2) for __ARM_common_call_via_r2
    printf6.o(i._printf_core) refers to printf6.o(i._printf_pre_padding) for _printf_pre_padding
    printf6.o(i._printf_core) refers to printf6.o(i._printf_post_padding) for _printf_post_padding
    printf6.o(i._printf_core) refers to uidiv.o(.text) for __aeabi_uidivmod
    printf6.o(i._printf_post_padding) refers to printfb.o(i.__ARM_common_call_via_r6) for __ARM_common_call_via_r6
    printf6.o(i._printf_pre_padding) refers to printfb.o(i.__ARM_common_call_via_r6) for __ARM_common_call_via_r6
    printf7.o(i.__0fprintf$7) refers to printf7.o(i._printf_core) for _printf_core
    printf7.o(i.__0fprintf$7) refers to retarget.o(.text) for fputc
    printf7.o(i.__0printf$7) refers to printf7.o(i._printf_core) for _printf_core
    printf7.o(i.__0printf$7) refers to retarget.o(.text) for fputc
    printf7.o(i.__0printf$7) refers to retarget.o(.data) for __stdout
    printf7.o(i.__0snprintf$7) refers to printf7.o(i._printf_core) for _printf_core
    printf7.o(i.__0snprintf$7) refers to printf7.o(i._snputc) for _snputc
    printf7.o(i.__0sprintf$7) refers to printf7.o(i._printf_core) for _printf_core
    printf7.o(i.__0sprintf$7) refers to printf7.o(i._sputc) for _sputc
    printf7.o(i.__0vfprintf$7) refers to printf7.o(i._printf_core) for _printf_core
    printf7.o(i.__0vfprintf$7) refers to retarget.o(.text) for fputc
    printf7.o(i.__0vprintf$7) refers to printf7.o(i._printf_core) for _printf_core
    printf7.o(i.__0vprintf$7) refers to retarget.o(.text) for fputc
    printf7.o(i.__0vprintf$7) refers to retarget.o(.data) for __stdout
    printf7.o(i.__0vsnprintf$7) refers to printf7.o(i._printf_core) for _printf_core
    printf7.o(i.__0vsnprintf$7) refers to printf7.o(i._snputc) for _snputc
    printf7.o(i.__0vsprintf$7) refers to printf7.o(i._printf_core) for _printf_core
    printf7.o(i.__0vsprintf$7) refers to printf7.o(i._sputc) for _sputc
    printf7.o(i._printf_core) refers to printf1.o(i.__ARM_common_call_via_r2) for __ARM_common_call_via_r2
    printf7.o(i._printf_core) refers to printf7.o(i._printf_pre_padding) for _printf_pre_padding
    printf7.o(i._printf_core) refers to printf7.o(i._printf_post_padding) for _printf_post_padding
    printf7.o(i._printf_core) refers to uldiv.o(.text) for __aeabi_uldivmod
    printf7.o(i._printf_post_padding) refers to printfb.o(i.__ARM_common_call_via_r6) for __ARM_common_call_via_r6
    printf7.o(i._printf_pre_padding) refers to printfb.o(i.__ARM_common_call_via_r6) for __ARM_common_call_via_r6
    printf8.o(i.__0fprintf$8) refers to printf8.o(i._printf_core) for _printf_core
    printf8.o(i.__0fprintf$8) refers to retarget.o(.text) for fputc
    printf8.o(i.__0printf$8) refers to printf8.o(i._printf_core) for _printf_core
    printf8.o(i.__0printf$8) refers to retarget.o(.text) for fputc
    printf8.o(i.__0printf$8) refers to retarget.o(.data) for __stdout
    printf8.o(i.__0snprintf$8) refers to printf8.o(i._printf_core) for _printf_core
    printf8.o(i.__0snprintf$8) refers to printf8.o(i._snputc) for _snputc
    printf8.o(i.__0sprintf$8) refers to printf8.o(i._printf_core) for _printf_core
    printf8.o(i.__0sprintf$8) refers to printf8.o(i._sputc) for _sputc
    printf8.o(i.__0vfprintf$8) refers to printf8.o(i._printf_core) for _printf_core
    printf8.o(i.__0vfprintf$8) refers to retarget.o(.text) for fputc
    printf8.o(i.__0vprintf$8) refers to printf8.o(i._printf_core) for _printf_core
    printf8.o(i.__0vprintf$8) refers to retarget.o(.text) for fputc
    printf8.o(i.__0vprintf$8) refers to retarget.o(.data) for __stdout
    printf8.o(i.__0vsnprintf$8) refers to printf8.o(i._printf_core) for _printf_core
    printf8.o(i.__0vsnprintf$8) refers to printf8.o(i._snputc) for _snputc
    printf8.o(i.__0vsprintf$8) refers to printf8.o(i._printf_core) for _printf_core
    printf8.o(i.__0vsprintf$8) refers to printf8.o(i._sputc) for _sputc
    printf8.o(i._printf_core) refers to printf1.o(i.__ARM_common_call_via_r2) for __ARM_common_call_via_r2
    printf8.o(i._printf_core) refers to printf8.o(i._printf_pre_padding) for _printf_pre_padding
    printf8.o(i._printf_core) refers to printf8.o(i._printf_post_padding) for _printf_post_padding
    printf8.o(i._printf_core) refers to uldiv.o(.text) for __aeabi_uldivmod
    printf8.o(i._printf_post_padding) refers to printfb.o(i.__ARM_common_call_via_r6) for __ARM_common_call_via_r6
    printf8.o(i._printf_pre_padding) refers to printfb.o(i.__ARM_common_call_via_r6) for __ARM_common_call_via_r6
    printfa.o(i.__0fprintf) refers (Special) to iusefp.o(.text) for __I$use$fp
    printfa.o(i.__0fprintf) refers to printfa.o(i._printf_core) for _printf_core
    printfa.o(i.__0fprintf) refers to retarget.o(.text) for fputc
    printfa.o(i.__0printf) refers (Special) to iusefp.o(.text) for __I$use$fp
    printfa.o(i.__0printf) refers to printfa.o(i._printf_core) for _printf_core
    printfa.o(i.__0printf) refers to retarget.o(.text) for fputc
    printfa.o(i.__0printf) refers to retarget.o(.data) for __stdout
    printfa.o(i.__0snprintf) refers (Special) to iusefp.o(.text) for __I$use$fp
    printfa.o(i.__0snprintf) refers to printfa.o(i._printf_core) for _printf_core
    printfa.o(i.__0snprintf) refers to printfa.o(i._snputc) for _snputc
    printfa.o(i.__0sprintf) refers (Special) to iusefp.o(.text) for __I$use$fp
    printfa.o(i.__0sprintf) refers to printfa.o(i._printf_core) for _printf_core
    printfa.o(i.__0sprintf) refers to printfa.o(i._sputc) for _sputc
    printfa.o(i.__0vfprintf) refers (Special) to iusefp.o(.text) for __I$use$fp
    printfa.o(i.__0vfprintf) refers to printfa.o(i._printf_core) for _printf_core
    printfa.o(i.__0vfprintf) refers to retarget.o(.text) for fputc
    printfa.o(i.__0vprintf) refers (Special) to iusefp.o(.text) for __I$use$fp
    printfa.o(i.__0vprintf) refers to printfa.o(i._printf_core) for _printf_core
    printfa.o(i.__0vprintf) refers to retarget.o(.text) for fputc
    printfa.o(i.__0vprintf) refers to retarget.o(.data) for __stdout
    printfa.o(i.__0vsnprintf) refers (Special) to iusefp.o(.text) for __I$use$fp
    printfa.o(i.__0vsnprintf) refers to printfa.o(i._printf_core) for _printf_core
    printfa.o(i.__0vsnprintf) refers to printfa.o(i._snputc) for _snputc
    printfa.o(i.__0vsprintf) refers (Special) to iusefp.o(.text) for __I$use$fp
    printfa.o(i.__0vsprintf) refers to printfa.o(i._printf_core) for _printf_core
    printfa.o(i.__0vsprintf) refers to printfa.o(i._sputc) for _sputc
    printfa.o(i._fp_digits) refers (Special) to iusefp.o(.text) for __I$use$fp
    printfa.o(i._fp_digits) refers to dmul.o(.text) for __aeabi_dmul
    printfa.o(i._fp_digits) refers to ddiv.o(.text) for __aeabi_ddiv
    printfa.o(i._fp_digits) refers to cdrcmple.o(.text) for __aeabi_cdrcmple
    printfa.o(i._fp_digits) refers to dadd.o(.text) for __aeabi_dadd
    printfa.o(i._fp_digits) refers to dfixul.o(.text) for __aeabi_d2ulz
    printfa.o(i._fp_digits) refers to uldiv.o(.text) for __aeabi_uldivmod
    printfa.o(i._printf_core) refers (Special) to iusefp.o(.text) for __I$use$fp
    printfa.o(i._printf_core) refers to printf1.o(i.__ARM_common_call_via_r2) for __ARM_common_call_via_r2
    printfa.o(i._printf_core) refers to printfa.o(i._printf_pre_padding) for _printf_pre_padding
    printfa.o(i._printf_core) refers to printfa.o(i._printf_post_padding) for _printf_post_padding
    printfa.o(i._printf_core) refers to uldiv.o(.text) for __aeabi_uldivmod
    printfa.o(i._printf_core) refers to printfa.o(i._fp_digits) for _fp_digits
    printfa.o(i._printf_core) refers to uidiv.o(.text) for __aeabi_uidivmod
    printfa.o(i._printf_post_padding) refers (Special) to iusefp.o(.text) for __I$use$fp
    printfa.o(i._printf_post_padding) refers to printfb.o(i.__ARM_common_call_via_r6) for __ARM_common_call_via_r6
    printfa.o(i._printf_pre_padding) refers (Special) to iusefp.o(.text) for __I$use$fp
    printfa.o(i._printf_pre_padding) refers to printfb.o(i.__ARM_common_call_via_r6) for __ARM_common_call_via_r6
    printfa.o(i._snputc) refers (Special) to iusefp.o(.text) for __I$use$fp
    printfa.o(i._sputc) refers (Special) to iusefp.o(.text) for __I$use$fp
    entry2.o(.ARM.Collect$$$$00000001) refers to entry2.o(.ARM.Collect$$$$00002712) for __lit__00000000
    entry2.o(.ARM.Collect$$$$00002712) refers to lpc2400.o(STACK) for __initial_sp
    entry5.o(.ARM.Collect$$$$00000004) refers to init.o(.text) for __scatterload
    entry7.o(.ARM.Collect$$$$00000007) refers to main.o(.text) for main
    uldiv.o(.text) refers to llushr.o(.text) for __aeabi_llsr
    uldiv.o(.text) refers to llshl.o(.text) for __aeabi_llsl
    dadd.o(.text) refers to llshl.o(.text) for __aeabi_llsl
    dadd.o(.text) refers to llsshr.o(.text) for __aeabi_lasr
    dadd.o(.text) refers to depilogue.o(.text) for _double_epilogue
    dmul.o(.text) refers to depilogue.o(.text) for _double_epilogue
    ddiv.o(.text) refers to depilogue.o(.text) for _double_round
    dfixul.o(.text) refers to llushr.o(.text) for __aeabi_llsr
    dfixul.o(.text) refers to llshl.o(.text) for __aeabi_llsl
    init.o(.text) refers to init.o(i.__ARM_common_call_via_r3) for __ARM_common_call_via_r3
    init.o(.text) refers to entry5.o(.ARM.Collect$$$$00000004) for __main_after_scatterload
    depilogue.o(.text) refers to depilogue.o(i.__ARM_clz) for __ARM_clz
    depilogue.o(.text) refers to llshl.o(.text) for __aeabi_llsl
    depilogue.o(.text) refers to llushr.o(.text) for __aeabi_llsr


==============================================================================

Removing Unused input sections from the image.

    Removing lpc2400.o(HEAP), (0 bytes).
    Removing dadd.o(.text), (360 bytes).
    Removing dmul.o(.text), (208 bytes).
    Removing ddiv.o(.text), (244 bytes).
    Removing dfixul.o(.text), (68 bytes).
    Removing cdrcmple.o(.text), (40 bytes).
    Removing depilogue.o(.text), (202 bytes).
    Removing depilogue.o(i.__ARM_clz), (46 bytes).

8 unused section(s) (total 1168 bytes) removed from the image.

==============================================================================

Adding Veneers to the image

    Adding AT veneer (8 bytes, Inline) for call to '__aeabi_uidivmod' from lcd_grph.o(.text).
    Adding AT veneer (8 bytes, Inline) for call to '__scatterload' from entry5.o(.ARM.Collect$$$$00000004).
    Adding TA veneer (8 bytes, Short) for call to '__main_after_scatterload' from init.o(.text).
    Adding AT veneer (8 bytes, Inline) for call to '__2printf' from main.o(.text).

4 Veneer(s) (total 32 bytes) added to the image.

==============================================================================

Image Symbol Table

    Local Symbols

    Symbol Name                              Value     Ov Type        Size  Object(Section)

    ../../../cmprslib/lz77c.c                0x00000000   Number         0  __dclz77c.o ABSOLUTE
    ../../microlib/division.c                0x00000000   Number         0  uidiv.o ABSOLUTE
    ../../microlib/division.c                0x00000000   Number         0  uldiv.o ABSOLUTE
    ../../microlib/fpadd.c                   0x00000000   Number         0  dadd.o ABSOLUTE
    ../../microlib/fpdiv.c                   0x00000000   Number         0  ddiv.o ABSOLUTE
    ../../microlib/fpepilogue.c              0x00000000   Number         0  depilogue.o ABSOLUTE
    ../../microlib/fpfix.c                   0x00000000   Number         0  dfixul.o ABSOLUTE
    ../../microlib/fpmul.c                   0x00000000   Number         0  dmul.o ABSOLUTE
    ../../microlib/init/entry.s              0x00000000   Number         0  entry.o ABSOLUTE
    ../../microlib/init/entry.s              0x00000000   Number         0  entry7.o ABSOLUTE
    ../../microlib/init/entry.s              0x00000000   Number         0  entry5.o ABSOLUTE
    ../../microlib/init/entry.s              0x00000000   Number         0  entry2.o ABSOLUTE
    ../../microlib/longlong.c                0x00000000   Number         0  llushr.o ABSOLUTE
    ../../microlib/longlong.c                0x00000000   Number         0  llshl.o ABSOLUTE
    ../../microlib/longlong.c                0x00000000   Number         0  llsshr.o ABSOLUTE
    ../../microlib/printf/printf.c           0x00000000   Number         0  printf8.o ABSOLUTE
    ../../microlib/printf/printf.c           0x00000000   Number         0  printf7.o ABSOLUTE
    ../../microlib/printf/printf.c           0x00000000   Number         0  printf5.o ABSOLUTE
    ../../microlib/printf/printf.c           0x00000000   Number         0  printf0.o ABSOLUTE
    ../../microlib/printf/printf.c           0x00000000   Number         0  printfb.o ABSOLUTE
    ../../microlib/printf/printf.c           0x00000000   Number         0  printf4.o ABSOLUTE
    ../../microlib/printf/printf.c           0x00000000   Number         0  printf2.o ABSOLUTE
    ../../microlib/printf/printf.c           0x00000000   Number         0  printf3.o ABSOLUTE
    ../../microlib/printf/printf.c           0x00000000   Number         0  printf1.o ABSOLUTE
    ../../microlib/printf/printf.c           0x00000000   Number         0  printf6.o ABSOLUTE
    ../../microlib/printf/printf.c           0x00000000   Number         0  printfa.o ABSOLUTE
    ../../microlib/stubs.s                   0x00000000   Number         0  useno.o ABSOLUTE
    ../../microlib/stubs.s                   0x00000000   Number         0  iusefp.o ABSOLUTE
    BonusEffect.s                            0x00000000   Number         0  bonuseffect.o ABSOLUTE
    LCD\font5x7.c                            0x00000000   Number         0  font5x7.o ABSOLUTE
    LCD\lcd_grph.c                           0x00000000   Number         0  lcd_grph.o ABSOLUTE
    LCD\lcd_hw.c                             0x00000000   Number         0  lcd_hw.o ABSOLUTE
    cdrcmple.s                               0x00000000   Number         0  cdrcmple.o ABSOLUTE
    dc.s                                     0x00000000   Number         0  dc.o ABSOLUTE
    handlers.s                               0x00000000   Number         0  handlers.o ABSOLUTE
    init.s                                   0x00000000   Number         0  init.o ABSOLUTE
    support\LPC2400.s                        0x00000000   Number         0  lpc2400.o ABSOLUTE
    support\Retarget.c                       0x00000000   Number         0  retarget.o ABSOLUTE
    support\Serial.c                         0x00000000   Number         0  serial.o ABSOLUTE
    support\main.c                           0x00000000   Number         0  main.o ABSOLUTE
    RESET                                    0xa0000000   Section      236  lpc2400.o(RESET)
    Undef_Handler                            0xa0000040   ARM Code       4  lpc2400.o(RESET)
    SWI_Handler                              0xa0000044   ARM Code       4  lpc2400.o(RESET)
    PAbt_Handler                             0xa0000048   ARM Code       4  lpc2400.o(RESET)
    DAbt_Handler                             0xa000004c   ARM Code       4  lpc2400.o(RESET)
    IRQ_Handler                              0xa0000050   ARM Code       4  lpc2400.o(RESET)
    FIQ_Handler                              0xa0000054   ARM Code       4  lpc2400.o(RESET)
    .ARM.Collect$$$$00000000                 0xa00000ec   Section        0  entry.o(.ARM.Collect$$$$00000000)
    .ARM.Collect$$$$00000001                 0xa00000ec   Section        4  entry2.o(.ARM.Collect$$$$00000001)
    .ARM.Collect$$$$00000004                 0xa00000f0   Section        4  entry5.o(.ARM.Collect$$$$00000004)
    .ARM.Collect$$$$00000007                 0xa00000f4   Section       12  entry7.o(.ARM.Collect$$$$00000007)
    .ARM.Collect$$$$00002712                 0xa0000100   Section        4  entry2.o(.ARM.Collect$$$$00002712)
    __lit__00000000                          0xa0000100   Data           4  entry2.o(.ARM.Collect$$$$00002712)
    .text                                    0xa0000104   Section        0  lcd_grph.o(.text)
    hLine                                    0xa00001b0   ARM Code     100  lcd_grph.o(.text)
    vLine                                    0xa0000214   ARM Code      84  lcd_grph.o(.text)
    .text                                    0xa0000f1c   Section        0  lcd_hw.o(.text)
    .text                                    0xa000173c   Section        0  retarget.o(.text)
    .text                                    0xa0001784   Section        0  serial.o(.text)
    .text                                    0xa0001824   Section        0  main.o(.text)
    .text                                    0xa00018d4   Section        0  uidiv.o(.text)
    .text                                    0xa000190c   Section       32  init.o(.text)
    .text                                    0xa000192c   Section        0  __dclz77c.o(.text)
    BonusEffect                              0xa00019ac   Section      656  bonuseffect.o(BonusEffect)
    i.__0printf$bare                         0xa0001c4c   Section        0  printfb.o(i.__0printf$bare)
    i.__ARM_common_call_via_r3               0xa0001c64   Section        2  init.o(i.__ARM_common_call_via_r3)
    i.__ARM_common_call_via_r6               0xa0001c66   Section        0  printfb.o(i.__ARM_common_call_via_r6)
    i.__scatterload_copy                     0xa0001c68   Section       28  handlers.o(i.__scatterload_copy)
    i.__scatterload_null                     0xa0001c84   Section        4  handlers.o(i.__scatterload_null)
    i.__scatterload_zeroinit                 0xa0001c88   Section       24  handlers.o(i.__scatterload_zeroinit)
    i._printf_core                           0xa0001ca0   Section        0  printfb.o(i._printf_core)
    _printf_core                             0xa0001ca1   Thumb Code    36  printfb.o(i._printf_core)
    .constdata                               0xa0001cc4   Section      768  font5x7.o(.constdata)
    .constdata                               0xa0001fc4   Section        8  lcd_grph.o(.constdata)
    font_mask                                0xa0001fc4   Data           8  lcd_grph.o(.constdata)
    .data                                    0xa1000000   Section       12  lcd_grph.o(.data)
    foregroundColor                          0xa1000000   Data           2  lcd_grph.o(.data)
    backgroundColor                          0xa1000002   Data           2  lcd_grph.o(.data)
    picWidth                                 0xa1000004   Data           4  lcd_grph.o(.data)
    picHeight                                0xa1000008   Data           4  lcd_grph.o(.data)
    .data                                    0xa100000c   Section        1  lcd_hw.o(.data)
    .data                                    0xa1000010   Section        4  retarget.o(.data)
    .data                                    0xa1000014   Section    18124  main.o(.data)
    crest                                    0xa1000014   Data       18124  main.o(.data)
    .bss                                     0xa10046e0   Section    307200  lcd_grph.o(.bss)
    picBuffer                                0xa10046e0   Data       307200  lcd_grph.o(.bss)
    STACK                                    0xa104f6e0   Section     4360  lpc2400.o(STACK)
    Stack_Top                                0xa10507e8   Data           0  lpc2400.o(STACK)

    Global Symbols

    Symbol Name                              Value     Ov Type        Size  Object(Section)

    BuildAttributes$$THM_ISAv1$ARM_ISAv4$S$PE$A:L22$X:L11$S22$IEEE1$IW$USESV6$~STKCKD$USESV7$~SHL$OSPACE$ROPI$EBA8$MICROLIB$REQ8$PRES8$EABIv2 0x00000000   Number         0  anon$$obj.o ABSOLUTE
    __ARM_use_no_argv                        0x00000000   Number         0  main.o ABSOLUTE
    __use_no_errno                           0x00000000   Number         0  useno.o ABSOLUTE
    __use_no_exception_handling              0x00000000   Number         0  useno.o ABSOLUTE
    __use_no_fp                              0x00000000   Number         0  useno.o ABSOLUTE
    __use_no_heap                            0x00000000   Number         0  useno.o ABSOLUTE
    __use_no_heap_region                     0x00000000   Number         0  useno.o ABSOLUTE
    __use_no_semihosting                     0x00000000   Number         0  useno.o ABSOLUTE
    __use_no_semihosting_swi                 0x00000000   Number         0  useno.o ABSOLUTE
    __use_no_signal_handling                 0x00000000   Number         0  useno.o ABSOLUTE
    Reset_Handler                            0xa0000058   ARM Code       0  lpc2400.o(RESET)
    __main                                   0xa00000ec   ARM Code       0  entry.o(.ARM.Collect$$$$00000000)
    _main_stk                                0xa00000ec   ARM Code       0  entry2.o(.ARM.Collect$$$$00000001)
    _main_scatterload                        0xa00000f0   ARM Code       0  entry5.o(.ARM.Collect$$$$00000004)
    __main_after_scatterload                 0xa00000f4   ARM Code       0  entry5.o(.ARM.Collect$$$$00000004)
    _main_init                               0xa00000f4   ARM Code       0  entry7.o(.ARM.Collect$$$$00000007)
    lcd_movePen                              0xa0000104   ARM Code     100  lcd_grph.o(.text)
    lcd_point                                0xa0000168   ARM Code      72  lcd_grph.o(.text)
    lcd_setWindow                            0xa0000268   ARM Code     144  lcd_grph.o(.text)
    lcd_fillScreen                           0xa00002f8   ARM Code     112  lcd_grph.o(.text)
    lcd_drawRect                             0xa0000368   ARM Code     112  lcd_grph.o(.text)
    lcd_fillRect                             0xa00003d8   ARM Code     184  lcd_grph.o(.text)
    lcd_line                                 0xa0000490   ARM Code     536  lcd_grph.o(.text)
    lcd_circle                               0xa00006a8   ARM Code    1184  lcd_grph.o(.text)
    lcd_putChar                              0xa0000b48   ARM Code     236  lcd_grph.o(.text)
    lcd_putString                            0xa0000c34   ARM Code      88  lcd_grph.o(.text)
    lcd_fontColor                            0xa0000c8c   ARM Code      20  lcd_grph.o(.text)
    lcd_picture                              0xa0000ca0   ARM Code     176  lcd_grph.o(.text)
    loadPic                                  0xa0000d50   ARM Code     176  lcd_grph.o(.text)
    putPic                                   0xa0000e00   ARM Code     200  lcd_grph.o(.text)
    getPicAddr                               0xa0000ec8   ARM Code       8  lcd_grph.o(.text)
    getPicWidth                              0xa0000ed0   ARM Code      12  lcd_grph.o(.text)
    getPicHeight                             0xa0000edc   ARM Code      12  lcd_grph.o(.text)
    mdelay                                   0xa0000f1c   ARM Code      80  lcd_hw.o(.text)
    lcd_hw_init                              0xa0000f6c   ARM Code     260  lcd_hw.o(.text)
    writeToDisp                              0xa0001070   ARM Code      12  lcd_hw.o(.text)
    readFromDisp                             0xa000107c   ARM Code      16  lcd_hw.o(.text)
    writeToReg                               0xa000108c   ARM Code      56  lcd_hw.o(.text)
    readFromReg                              0xa00010c4   ARM Code      64  lcd_hw.o(.text)
    writeLcdCommand                          0xa0001104   ARM Code     248  lcd_hw.o(.text)
    lcd_init                                 0xa00011fc   ARM Code    1104  lcd_hw.o(.text)
    fputc                                    0xa000173c   ARM Code      28  retarget.o(.text)
    ferror                                   0xa0001758   ARM Code      12  retarget.o(.text)
    _ttywrch                                 0xa0001764   ARM Code      24  retarget.o(.text)
    _sys_exit                                0xa000177c   ARM Code       8  retarget.o(.text)
    init_serial                              0xa0001784   ARM Code      88  serial.o(.text)
    sendchar                                 0xa00017dc   ARM Code      32  serial.o(.text)
    getkey                                   0xa00017fc   ARM Code      32  serial.o(.text)
    main                                     0xa0001824   ARM Code      88  main.o(.text)
    Inline ARM to Thumb Veneer to __aeabi_uidivmod 0xa00018cc   ARM Code       8  uidiv.o(.text)
    __aeabi_uidiv                            0xa00018d5   Thumb Code     0  uidiv.o(.text)
    __aeabi_uidivmod                         0xa00018d5   Thumb Code    46  uidiv.o(.text)
    Inline ARM to Thumb Veneer to __scatterload 0xa0001904   ARM Code       8  init.o(.text)
    __scatterload                            0xa000190d   Thumb Code    24  init.o(.text)
    __scatterload_rt2                        0xa000190d   Thumb Code     0  init.o(.text)
    __decompress                             0xa000192c   ARM Code       0  __dclz77c.o(.text)
    __decompress2                            0xa000192c   ARM Code     128  __dclz77c.o(.text)
    start                                    0xa00019ac   ARM Code       0  bonuseffect.o(BonusEffect)
    Short Thumb to ARM Veneer to __main_after_scatterload 0xa0001c3d   Thumb Code     8  anon$$obj.o(Veneer$$Code)
    Inline ARM to Thumb Veneer to __2printf  0xa0001c44   ARM Code       8  printfb.o(i.__0printf$bare)
    __0printf$bare                           0xa0001c4d   Thumb Code    16  printfb.o(i.__0printf$bare)
    __1printf$bare                           0xa0001c4d   Thumb Code     0  printfb.o(i.__0printf$bare)
    __2printf                                0xa0001c4d   Thumb Code     0  printfb.o(i.__0printf$bare)
    __ARM_common_call_via_r3                 0xa0001c65   Thumb Code     2  init.o(i.__ARM_common_call_via_r3)
    __ARM_common_call_via_r6                 0xa0001c67   Thumb Code     2  printfb.o(i.__ARM_common_call_via_r6)
    __scatterload_copy                       0xa0001c68   ARM Code      28  handlers.o(i.__scatterload_copy)
    __scatterload_null                       0xa0001c84   ARM Code       4  handlers.o(i.__scatterload_null)
    __scatterload_zeroinit                   0xa0001c88   ARM Code      24  handlers.o(i.__scatterload_zeroinit)
    font5x7                                  0xa0001cc4   Data         768  font5x7.o(.constdata)
    Region$$Table$$Base                      0xa0001fcc   Number         0  anon$$obj.o(Region$$Table)
    Region$$Table$$Limit                     0xa0001fec   Number         0  anon$$obj.o(Region$$Table)
    activeController                         0xa100000c   Data           1  lcd_hw.o(.data)
    __stdout                                 0xa1000010   Data           4  retarget.o(.data)
    __initial_sp                             0xa10506e0   Data         264  lpc2400.o(STACK)



==============================================================================

Memory Map of the image

  Image Entry point : 0xa00000ec

  Load Region LR_ROM1 (Base: 0xa0000000, Size: 0x000066cc, Max: 0x01000000, ABSOLUTE, COMPRESSED[0x000034c0])

    Execution Region RW_IRAM1 (Base: 0x40000000, Size: 0x00000000, Max: 0x00010000, ABSOLUTE)

    **** No section assigned to this execution region ****


    Execution Region ER_ROM1 (Base: 0xa0000000, Size: 0x00001fec, Max: 0x01000000, ABSOLUTE)

    Base Addr    Size         Type   Attr      Idx    E Section Name        Object

    0xa0000000   0x000000ec   Code   RO          108    RESET               lpc2400.o
    0xa00000ec   0x00000000   Code   RO          141  * .ARM.Collect$$$$00000000  mc_t.l(entry.o)(mc_t.l)
    0xa00000ec   0x00000004   Code   RO          410    .ARM.Collect$$$$00000001  mc_t.l(entry2.o)(mc_t.l)
    0xa00000f0   0x00000004   Code   RO          412    .ARM.Collect$$$$00000004  mc_t.l(entry5.o)(mc_t.l)
    0xa00000f4   0x0000000c   Code   RO          413    .ARM.Collect$$$$00000007  mc_t.l(entry7.o)(mc_t.l)
    0xa0000100   0x00000004   Code   RO          411    .ARM.Collect$$$$00002712  mc_t.l(entry2.o)(mc_t.l)
    0xa0000104   0x00000e18   Code   RO           18    .text               lcd_grph.o
    0xa0000f1c   0x00000820   Code   RO           48    .text               lcd_hw.o
    0xa000173c   0x00000048   Code   RO           69    .text               retarget.o
    0xa0001784   0x000000a0   Code   RO           91    .text               serial.o
    0xa0001824   0x000000a8   Code   RO          112    .text               main.o
    0xa00018cc   0x00000008   Ven    RO          144    .text               mc_t.l(uidiv.o)(mc_t.l)
    0xa00018d4   0x0000002e   Code   RO          144    .text               mc_t.l(uidiv.o)(mc_t.l)
    0xa0001902   0x00000002   PAD
    0xa0001904   0x00000008   Ven    RO          427    .text               mc_t.l(init.o)(mc_t.l)
    0xa000190c   0x00000020   Code   RO          427    .text               mc_t.l(init.o)(mc_t.l)
    0xa000192c   0x00000080   Code   RO          449    .text               mc_t.l(__dclz77c.o)(mc_t.l)
    0xa00019ac   0x00000290   Code   RO          138    BonusEffect         bonuseffect.o
    0xa0001c3c   0x00000008   Ven    RO          454    Veneer$$Code        anon$$obj.o
    0xa0001c44   0x00000008   Ven    RO          147    i.__0printf$bare    mc_t.l(printfb.o)(mc_t.l)
    0xa0001c4c   0x00000018   Code   RO          147    i.__0printf$bare    mc_t.l(printfb.o)(mc_t.l)
    0xa0001c64   0x00000002   Code   RO          429    i.__ARM_common_call_via_r3  mc_t.l(init.o)(mc_t.l)
    0xa0001c66   0x00000002   Code   RO          168    i.__ARM_common_call_via_r6  mc_t.l(printfb.o)(mc_t.l)
    0xa0001c68   0x0000001c   Code   RO          443    i.__scatterload_copy  mc_t.l(handlers.o)(mc_t.l)
    0xa0001c84   0x00000004   Code   RO          444    i.__scatterload_null  mc_t.l(handlers.o)(mc_t.l)
    0xa0001c88   0x00000018   Code   RO          445    i.__scatterload_zeroinit  mc_t.l(handlers.o)(mc_t.l)
    0xa0001ca0   0x00000024   Code   RO          154    i._printf_core      mc_t.l(printfb.o)(mc_t.l)
    0xa0001cc4   0x00000300   Data   RO            1    .constdata          font5x7.o
    0xa0001fc4   0x00000008   Data   RO           20    .constdata          lcd_grph.o
    0xa0001fcc   0x00000020   Data   RO          441    Region$$Table       anon$$obj.o


    Execution Region RW_RAM1 (Base: 0xa1000000, Size: 0x000507e8, Max: 0x01000000, ABSOLUTE, COMPRESSED[0x000014d4])

    Base Addr    Size         Type   Attr      Idx    E Section Name        Object

    0xa1000000   0x0000000c   Data   RW           21    .data               lcd_grph.o
    0xa100000c   0x00000001   Data   RW           49    .data               lcd_hw.o
    0xa100000d   0x00000003   PAD
    0xa1000010   0x00000004   Data   RW           70    .data               retarget.o
    0xa1000014   0x000046cc   Data   RW          113    .data               main.o
    0xa10046e0   0x0004b000   Zero   RW           19    .bss                lcd_grph.o
    0xa104f6e0   0x00001108   Zero   RW          106    STACK               lpc2400.o


==============================================================================

Image component sizes


      Code (inc. data)   RO Data    RW Data    ZI Data      Debug   Object Name

       656          4          0          0          0          0   bonuseffect.o
         0          0        768          0          0          0   font5x7.o
      3608         52          8         12     307200          0   lcd_grph.o
      2080        240          0          1          0          0   lcd_hw.o
       236         48          0          0       4360          0   lpc2400.o
       168         80          0      18124          0          0   main.o
        72          0          0          4          0          0   retarget.o
       160          8          0          0          0          0   serial.o

    ----------------------------------------------------------------------
      6988        432        808      18144     311560          0   Object Totals
         8          0         32          0          0          0   (incl. Generated)
         0          0          0          3          0          2   (incl. Padding)

    ----------------------------------------------------------------------

      Code (inc. data)   RO Data    RW Data    ZI Data      Debug   Library Member Name

       128          0          0          0          0          0   __dclz77c.o
         0          0          0          0          0          0   entry.o
         8          4          0          0          0          0   entry2.o
         4          0          0          0          0          0   entry5.o
        12          4          0          0          0          0   entry7.o
        56          0          0          0          0          0   handlers.o
        42          8          0          0          0          0   init.o
        70          8          0          0          0          0   printfb.o
        54          0          0          0          0          0   uidiv.o

    ----------------------------------------------------------------------
       376         24          0          0          0          0   Library Totals
         2          0          0          0          0          0   (incl. Padding)

    ----------------------------------------------------------------------

      Code (inc. data)   RO Data    RW Data    ZI Data      Debug   Library Name

       374         24          0          0          0        436   mc_t.l

    ----------------------------------------------------------------------
       376         24          0          0          0          0   Library Totals

    ----------------------------------------------------------------------

==============================================================================


      Code (inc. data)   RO Data    RW Data    ZI Data      Debug   

      7364        456        808      18144     311560      18296   Grand Totals
      7364        456        808       5332     311560      18296   ELF Image Totals (compressed)
      7364        456        808       5332          0          0   ROM Totals

==============================================================================

    Total RO  Size (Code + RO Data)                 8172 (   7.98kB)
    Total RW  Size (RW Data + ZI Data)            329704 ( 321.98kB)
    Total ROM Size (Code + RO Data + RW Data)      13504 (  13.19kB)

==============================================================================

